// Jest Snapshot v1, https://goo.gl/fbAQLP

exports[`renders correctly 1`] = `
<section>
  <p>
    “Mathematics expresses values that reflect the cosmos, including orderliness, balance, harmony, logic, and abstract beauty.”
     
    <strong>
      ― Deepak Chopra....
    </strong>
  </p>
</section>
`;
